
[01/06/2026 21:58:13] ============================================

[01/06/2026 21:58:13] BẮT ĐẦU PHIÊN CHẠY MỚI

[01/06/2026 21:58:17] LỖI NGHIÊM TRỌNG: Tiến trình dừng đột ngột do lỗi (Crash): file_writer() missing 1 required positional argument: 'target_fail_file'

[01/06/2026 21:58:17] Tình trạng: KẾT THÚC DO LỖI CRASH

[01/06/2026 21:58:17] Tổng thời gian chạy: 00:00:03

[01/06/2026 21:58:17] ============================================


[01/06/2026 22:02:25] ============================================

[01/06/2026 22:02:25] BẮT ĐẦU PHIÊN CHẠY MỚI

[01/06/2026 23:25:09] ============================================

[01/06/2026 23:25:09] BẮT ĐẦU PHIÊN CHẠY MỚI

[02/06/2026 00:35:20] LỖI NGHIÊM TRỌNG: Tiến trình dừng đột ngột do lỗi (Crash): main.<locals>.run_engine() takes 2 positional arguments but 3 were given

[02/06/2026 00:35:20] Tình trạng: KẾT THÚC DO LỖI CRASH

[02/06/2026 00:35:20] Tổng thời gian chạy: 01:10:10

[02/06/2026 00:35:20] ============================================


[02/06/2026 00:47:35] ============================================

[02/06/2026 00:47:35] BẮT ĐẦU PHIÊN CHẠY MỚI

[02/06/2026 01:18:33] CẢNH BÁO: Đã bấm dừng bằng tay (Ctrl+C). Tiến trình tạm nghỉ an toàn.

[02/06/2026 01:18:33] Tình trạng: KẾT THÚC DO NGƯỜI DÙNG DỪNG

[02/06/2026 01:18:33] Tổng thời gian chạy: 00:30:58

[02/06/2026 01:18:33] ============================================


[02/06/2026 01:18:39] ============================================

[02/06/2026 01:18:39] BẮT ĐẦU PHIÊN CHẠY MỚI

[02/06/2026 01:22:23] CẢNH BÁO: Đã bấm dừng bằng tay (Ctrl+C). Tiến trình tạm nghỉ an toàn.

[02/06/2026 01:22:23] Tình trạng: KẾT THÚC DO NGƯỜI DÙNG DỪNG

[02/06/2026 01:22:23] Tổng thời gian chạy: 00:03:44

[02/06/2026 01:22:23] ============================================


[02/06/2026 01:22:31] ============================================

[02/06/2026 01:22:31] BẮT ĐẦU PHIÊN CHẠY MỚI

[02/06/2026 01:24:56] CẢNH BÁO: Đã bấm dừng bằng tay (Ctrl+C). Tiến trình tạm nghỉ an toàn.

[02/06/2026 01:24:56] Tình trạng: KẾT THÚC DO NGƯỜI DÙNG DỪNG

[02/06/2026 01:24:56] Tổng thời gian chạy: 00:02:25

[02/06/2026 01:24:56] ============================================


[02/06/2026 01:25:01] ============================================

[02/06/2026 01:25:01] BẮT ĐẦU PHIÊN CHẠY MỚI

[02/06/2026 01:26:18] CẢNH BÁO: Đã bấm dừng bằng tay (Ctrl+C). Tiến trình tạm nghỉ an toàn.

[02/06/2026 01:26:18] Tình trạng: KẾT THÚC DO NGƯỜI DÙNG DỪNG

[02/06/2026 01:26:18] Tổng thời gian chạy: 00:01:16

[02/06/2026 01:26:18] ============================================


[02/06/2026 01:26:20] ============================================

[02/06/2026 01:26:20] BẮT ĐẦU PHIÊN CHẠY MỚI

[02/06/2026 01:30:08] CẢNH BÁO: Đã bấm dừng bằng tay (Ctrl+C). Tiến trình tạm nghỉ an toàn.

[02/06/2026 01:30:08] Tình trạng: KẾT THÚC DO NGƯỜI DÙNG DỪNG

[02/06/2026 01:30:08] Tổng thời gian chạy: 00:03:47

[02/06/2026 01:30:08] ============================================


[02/06/2026 01:30:11] ============================================

[02/06/2026 01:30:11] BẮT ĐẦU PHIÊN CHẠY MỚI

[02/06/2026 03:38:04] ========= BẢNG SAO KÊ LỖI (REPORT) =========

[02/06/2026 03:38:04] -> Lỗi 404 (Sản phẩm không tồn tại / Bị xóa): 200046 ID

[02/06/2026 03:38:04] -> Lỗi Crash ngoại lệ (Dữ liệu dị dạng): 26 ID

[02/06/2026 03:38:04] -> Lỗi Timeout (Hết kiên nhẫn sau 3 lần thử lại): 2 ID

[02/06/2026 03:38:04] Tình trạng: KẾT THÚC THÀNH CÔNG

[02/06/2026 03:38:04] Tổng thời gian chạy: 02:07:53

[02/06/2026 03:38:04] ============================================


[02/06/2026 08:25:09] ============================================

[02/06/2026 08:25:09] BẮT ĐẦU PHIÊN CHẠY MỚI

[02/06/2026 08:25:17] CẢNH BÁO: Đã bấm dừng bằng tay (Ctrl+C). Tiến trình tạm nghỉ an toàn.

[02/06/2026 08:25:17] Tình trạng: KẾT THÚC DO NGƯỜI DÙNG DỪNG

[02/06/2026 08:25:17] Tổng thời gian chạy: 00:00:08

[02/06/2026 08:25:17] ============================================


[02/06/2026 08:40:21] ============================================

[02/06/2026 08:40:21] BẮT ĐẦU PHIÊN CHẠY MỚI

[02/06/2026 08:46:45] ============================================

[02/06/2026 08:46:45] BẮT ĐẦU PHIÊN CHẠY MỚI

[02/06/2026 17:53:30] ============================================

[02/06/2026 17:53:30] BẮT ĐẦU PHIÊN CHẠY MỚI

[02/06/2026 17:56:58] ============================================

[02/06/2026 17:56:58] BẮT ĐẦU PHIÊN CHẠY MỚI

[02/06/2026 20:50:27] ========= BẢNG SAO KÊ LỖI (REPORT) =========

[02/06/2026 20:50:27] -> Lỗi 404 (Sản phẩm không tồn tại / Bị xóa): 264922 ID

[02/06/2026 20:50:27] -> Lỗi Crash ngoại lệ (Dữ liệu dị dạng): 35 ID

[02/06/2026 20:50:27] -> Lỗi Timeout (Hết kiên nhẫn sau 3 lần thử lại): 1 ID

[02/06/2026 20:50:27] Tình trạng: KẾT THÚC THÀNH CÔNG

[02/06/2026 20:50:27] Tổng thời gian chạy: 02:53:29

[02/06/2026 20:50:27] ============================================


[03/06/2026 08:44:33] ============================================

[03/06/2026 08:44:33] BẮT ĐẦU PHIÊN CHẠY MỚI

[03/06/2026 08:58:17] ============================================

[03/06/2026 08:58:17] BẮT ĐẦU PHIÊN CHẠY MỚI

[03/06/2026 08:58:18] LỖI NGHIÊM TRỌNG: Tiến trình dừng đột ngột do lỗi (Crash): progress_reporter() missing 1 required positional argument: 'phase_name'

[03/06/2026 08:58:18] Tình trạng: KẾT THÚC DO LỖI CRASH

[03/06/2026 08:58:18] Tổng thời gian chạy: 00:00:01

[03/06/2026 08:58:18] ============================================


[03/06/2026 09:02:11] ============================================

[03/06/2026 09:02:11] BẮT ĐẦU PHIÊN CHẠY MỚI

[03/06/2026 19:38:10] ============================================

[03/06/2026 19:38:10] BẮT ĐẦU PHIÊN CHẠY MỚI

[04/06/2026 00:06:23] ========= BẢNG SAO KÊ LỖI (REPORT) =========

[04/06/2026 00:06:23] -> Lỗi 404 (Sản phẩm không tồn tại / Bị xóa): 264942 ID

[04/06/2026 00:06:23] -> Lỗi Crash ngoại lệ (Dữ liệu dị dạng): 35 ID

[04/06/2026 00:06:23] -> Lỗi Timeout (Hết kiên nhẫn sau 3 lần thử lại): 1 ID

[04/06/2026 00:06:23] Tình trạng: KẾT THÚC THÀNH CÔNG

[04/06/2026 00:06:23] Tổng thời gian chạy: 04:28:13

[04/06/2026 00:06:23] ============================================


[04/06/2026 07:55:29] ============================================

[04/06/2026 07:55:29] BẮT ĐẦU PHIÊN CHẠY MỚI

[04/06/2026 09:00:58] CẢNH BÁO: Đã bấm dừng bằng tay (Ctrl+C). Tiến trình tạm nghỉ an toàn.

[04/06/2026 09:00:58] Tình trạng: KẾT THÚC DO NGƯỜI DÙNG DỪNG

[04/06/2026 09:00:58] Tổng thời gian chạy: 01:05:28

[04/06/2026 09:00:58] ============================================


[04/06/2026 19:17:24] ============================================

[04/06/2026 19:17:24] BẮT ĐẦU PHIÊN CHẠY MỚI

[04/06/2026 19:27:15] ============================================

[04/06/2026 19:27:15] BẮT ĐẦU PHIÊN CHẠY MỚI

[04/06/2026 22:16:47] ========= BẢNG SAO KÊ LỖI (REPORT) =========

[04/06/2026 22:16:47] -> Lỗi 404 (Sản phẩm không tồn tại / Bị xóa): 264934 ID

[04/06/2026 22:16:47] -> Lỗi Crash ngoại lệ (Dữ liệu dị dạng): 35 ID

[04/06/2026 22:16:47] -> Lỗi Timeout (Hết kiên nhẫn sau 3 lần thử lại): 1 ID

[04/06/2026 22:16:47] Tình trạng: KẾT THÚC THÀNH CÔNG

[04/06/2026 22:16:47] Tổng thời gian chạy: 02:49:32

[04/06/2026 22:16:47] ============================================


[05/06/2026 08:09:01] ============================================

[05/06/2026 08:09:01] BẮT ĐẦU PHIÊN CHẠY MỚI

[05/06/2026 08:48:14] ============================================

[05/06/2026 08:48:14] BẮT ĐẦU PHIÊN CHẠY MỚI

[05/06/2026 09:30:27] CẢNH BÁO: Đã bị dừng (bằng phím Ctrl+C hoặc lệnh systemctl stop). Tiến trình tạm nghỉ an toàn.

[05/06/2026 09:30:27] Tình trạng: KẾT THÚC DO NGƯỜI DÙNG/HỆ THỐNG DỪNG

[05/06/2026 09:30:27] Tổng thời gian chạy: 00:42:13

[05/06/2026 09:30:27] ============================================


[05/06/2026 19:20:26] ============================================

[05/06/2026 19:20:26] BẮT ĐẦU PHIÊN CHẠY MỚI

[05/06/2026 19:58:49] ============================================

[05/06/2026 19:58:49] BẮT ĐẦU PHIÊN CHẠY MỚI

[05/06/2026 22:48:20] ========= BẢNG SAO KÊ LỖI (REPORT) =========

[05/06/2026 22:48:20] -> Lỗi 404 (Sản phẩm không tồn tại / Bị xóa): 264929 ID

[05/06/2026 22:48:20] -> Lỗi Crash ngoại lệ (Dữ liệu dị dạng): 35 ID

[05/06/2026 22:48:20] -> Lỗi Timeout (Hết kiên nhẫn sau 3 lần thử lại): 1 ID

[05/06/2026 22:48:20] Tình trạng: KẾT THÚC THÀNH CÔNG

[05/06/2026 22:48:20] Tổng thời gian chạy: 02:49:30

[05/06/2026 22:48:20] ============================================


[06/06/2026 07:46:20] ============================================

[06/06/2026 07:46:20] BẮT ĐẦU PHIÊN CHẠY MỚI
